C:\Users\vinee\Desktop\AI_CHATBOT\demo\demo\src\main\java\com\example\demo\config\AppConfig.java
C:\Users\vinee\Desktop\AI_CHATBOT\demo\demo\src\main\java\com\example\demo\config\CustomAuthSuccessHandler.java
C:\Users\vinee\Desktop\AI_CHATBOT\demo\demo\src\main\java\com\example\demo\config\SecurityConfig.java
C:\Users\vinee\Desktop\AI_CHATBOT\demo\demo\src\main\java\com\example\demo\config\WebMvcConfig.java
C:\Users\vinee\Desktop\AI_CHATBOT\demo\demo\src\main\java\com\example\demo\config\WebSocketConfig.java
C:\Users\vinee\Desktop\AI_CHATBOT\demo\demo\src\main\java\com\example\demo\controllers\ChatController.java
C:\Users\vinee\Desktop\AI_CHATBOT\demo\demo\src\main\java\com\example\demo\controllers\ChatWebSocketController.java
C:\Users\vinee\Desktop\AI_CHATBOT\demo\demo\src\main\java\com\example\demo\controllers\HomeController.java
C:\Users\vinee\Desktop\AI_CHATBOT\demo\demo\src\main\java\com\example\demo\DemoApplication.java
C:\Users\vinee\Desktop\AI_CHATBOT\demo\demo\src\main\java\com\example\demo\models\ChatMessage.java
C:\Users\vinee\Desktop\AI_CHATBOT\demo\demo\src\main\java\com\example\demo\models\ChatSession.java
C:\Users\vinee\Desktop\AI_CHATBOT\demo\demo\src\main\java\com\example\demo\repositories\ChatSessionRepository.java
C:\Users\vinee\Desktop\AI_CHATBOT\demo\demo\src\main\java\com\example\demo\services\OpenAIService.java
